// Jest Snapshot v1, https://goo.gl/fbAQLP

exports[`Box tests Find Boxes 1`] = `
<ContextConsumer>
  <Component />
</ContextConsumer>
`;

exports[`Box tests render correctly Box component 1`] = `null`;
