// Jest Snapshot v1, https://goo.gl/fbAQLP

exports[`Container tests Render container correctly 1`] = `null`;

exports[`Render container correctly 1`] = `null`;
