// Jest Snapshot v1, https://goo.gl/fbAQLP

exports[`Input tests Render correctly input 1`] = `
<input
  onChange={[Function]}
  type="text"
  value="aaaaa"
/>
`;
